[0m19:20:09.288066 [debug] [MainThread]: Sending event: {'category': 'dbt', 'action': 'invocation', 'label': 'start', 'context': [<snowplow_tracker.self_describing_json.SelfDescribingJson object at 0x000001F22C5855B0>, <snowplow_tracker.self_describing_json.SelfDescribingJson object at 0x000001F22C69A9F0>, <snowplow_tracker.self_describing_json.SelfDescribingJson object at 0x000001F22C69B0E0>]}


============================== 19:20:09.301095 | d36fd631-8af2-49e9-8e68-69fd9251fcba ==============================
[0m19:20:09.301095 [info ] [MainThread]: Running with dbt=1.11.4
[0m19:20:09.301095 [debug] [MainThread]: running dbt with arguments {'static_parser': 'True', 'no_print': 'None', 'version_check': 'True', 'target_path': 'None', 'warn_error_options': 'WarnErrorOptionsV2(error=[], warn=[], silence=[])', 'printer_width': '80', 'write_json': 'True', 'empty': 'None', 'log_cache_events': 'False', 'introspect': 'True', 'cache_selected_only': 'False', 'log_format': 'default', 'debug': 'False', 'fail_fast': 'False', 'profiles_dir': 'C:\\Users\\pijar2000\\.dbt', 'send_anonymous_usage_stats': 'True', 'quiet': 'False', 'warn_error': 'None', 'partial_parse': 'True', 'invocation_command': 'dbt init zoomcamp_dbt_pijar', 'use_colors': 'True', 'indirect_selection': 'eager', 'use_experimental_parser': 'False', 'log_path': 'logs'}
[0m19:20:09.316130 [info ] [MainThread]: Creating dbt configuration folder at C:\Users\pijar2000\.dbt
[0m19:20:09.316130 [debug] [MainThread]: Starter project path: C:\Users\pijar2000\AppData\Local\Programs\Python\Python312\Lib\site-packages\dbt\include\starter_project
[0m19:20:09.361462 [info ] [MainThread]: 
Your new dbt project "zoomcamp_dbt_pijar" was created!

For more information on how to configure the profiles.yml file,
please consult the dbt documentation here:

  https://docs.getdbt.com/docs/configure-your-profile

One more thing:

Need help? Don't hesitate to reach out to us via GitHub issues or on Slack:

  https://community.getdbt.com/

Happy modeling!

[0m19:20:09.362445 [info ] [MainThread]: Setting up your profile.
[0m19:25:48.520416 [info ] [MainThread]: Profile zoomcamp_dbt_pijar written to C:\Users\pijar2000\.dbt\profiles.yml using target's profile_template.yml and your supplied values. Run 'dbt debug' to validate the connection.
[0m19:25:48.520416 [debug] [MainThread]: Command `dbt init` succeeded at 19:25:48.520416 after 339.35 seconds
[0m19:25:48.520416 [debug] [MainThread]: Sending event: {'category': 'dbt', 'action': 'invocation', 'label': 'end', 'context': [<snowplow_tracker.self_describing_json.SelfDescribingJson object at 0x000001F22CA7CC50>, <snowplow_tracker.self_describing_json.SelfDescribingJson object at 0x000001F25A4F0440>, <snowplow_tracker.self_describing_json.SelfDescribingJson object at 0x000001F25A6B6C00>]}
[0m19:25:48.520416 [debug] [MainThread]: Flushing usage events
[0m19:25:50.320287 [debug] [MainThread]: An error was encountered while trying to flush usage events
